// Jest Snapshot v1, https://goo.gl/fbAQLP

exports[`App renders correctly 1`] = `
<div
  className="App"
>
  <div
    className="ui basic segment"
  >
    <h4
      className="ui header"
    >
      Loading comments...
    </h4>
    <form
      action={undefined}
      className="ui form"
      onSubmit={[Function]}
    >
      <div
        className="field"
      >
        <textarea
          content={undefined}
          disabled={undefined}
          onChange={[Function]}
          onInput={[Function]}
          placeholder="Leave a comment..."
          required={undefined}
          rows={2}
          style={
            Object {
              "resize": "none",
            }
          }
          type={undefined}
          value=""
        />
      </div>
      <button
        className="ui icon primary disabled left labeled button"
        disabled={true}
        onClick={[Function]}
        role="button"
        tabIndex={-1}
      >
        <i
          aria-hidden="true"
          className="edit icon"
        />
        Add Comment
      </button>
    </form>
    <div
      className="ui threaded comments"
    >
      <div
        className="comment"
        id="comment-1"
      >
        <a
          className="avatar"
        >
          <img
            src="https://www.gravatar.com/avatar/00000000000000000000000000000000?s=100"
          />
        </a>
        <div
          className="content"
        >
          <span
            className="author"
          >
            <span>
              Anonymous
            </span>
            <div
              className="ui mini label"
              onClick={[Function]}
            >
              Guest
            </div>
          </span>
          <div
            className="metadata"
          >
            <div
              onBlur={[Function]}
              onClick={[Function]}
              onFocus={[Function]}
              onMouseEnter={[Function]}
              onMouseLeave={[Function]}
            >
              3 days ago
            </div>
          </div>
          <div
            className="text"
          >
            <p>
              Test comment 1
            </p>
          </div>
          <div
            className="actions"
          >
            <a
              className=""
              onClick={[Function]}
            >
              Reply
            </a>
          </div>
        </div>
        <div
          className="ui comments"
        >
          <div
            className="comment"
            id="comment-2"
          >
            <a
              className="avatar"
            >
              <img
                src="https://www.gravatar.com/avatar/00000000000000000000000000000000?s=100"
              />
            </a>
            <div
              className="content"
            >
              <span
                className="author"
              >
                <span>
                  Anonymous
                </span>
                <div
                  className="ui mini label"
                  onClick={[Function]}
                >
                  Guest
                </div>
              </span>
              <div
                className="metadata"
              >
                <div
                  onBlur={[Function]}
                  onClick={[Function]}
                  onFocus={[Function]}
                  onMouseEnter={[Function]}
                  onMouseLeave={[Function]}
                >
                  2 days ago
                </div>
              </div>
              <div
                className="text"
              >
                <p>
                  Test comment 2
                </p>
              </div>
              <div
                className="actions"
              >
                <a
                  className=""
                  onClick={[Function]}
                >
                  Reply
                </a>
              </div>
            </div>
          </div>
        </div>
      </div>
      <div
        className="comment"
        id="comment-3"
      >
        <a
          className="avatar"
        >
          <img
            src="https://www.gravatar.com/avatar/00000000000000000000000000000000?s=100"
          />
        </a>
        <div
          className="content"
        >
          <span
            className="author"
          >
            <span>
              Anonymous
            </span>
            <div
              className="ui mini label"
              onClick={[Function]}
            >
              Guest
            </div>
          </span>
          <div
            className="metadata"
          >
            <div
              onBlur={[Function]}
              onClick={[Function]}
              onFocus={[Function]}
              onMouseEnter={[Function]}
              onMouseLeave={[Function]}
            >
              a day ago
            </div>
          </div>
          <div
            className="text"
          >
            <p>
              Test comment 3
            </p>
          </div>
          <div
            className="actions"
          >
            <a
              className=""
              onClick={[Function]}
            >
              Reply
            </a>
          </div>
        </div>
      </div>
    </div>
  </div>
</div>
`;
